TAP version 13
# random seed: R02S8967d3e383bad108bcffc11cff83d94c
1..11
# Start of riscv32 tests
# Start of esp32c3-flash tests
# starting QEMU: exec /tmp/x3-native-candidate-b8ceb00b1c87122d/install/bin/qemu-system-riscv32 -qtest tcp:127.0.0.1:44953 -qtest-log /dev/null -chardev socket,host=127.0.0.1,port=55211,id=char0 -mon chardev=char0,mode=control -display none -audio none -machine esp32c3 -nodefaults -drive if=mtd,format=raw,file=/tmp/esp32c3-flash-L340W3 -accel qtest
Adding SPI flash device
ok 1 /riscv32/esp32c3-flash/independent-register-banks
# starting QEMU: exec /tmp/x3-native-candidate-b8ceb00b1c87122d/install/bin/qemu-system-riscv32 -qtest tcp:127.0.0.1:38307 -qtest-log /dev/null -chardev socket,host=127.0.0.1,port=55387,id=char0 -mon chardev=char0,mode=control -display none -audio none -machine esp32c3 -nodefaults -drive if=mtd,format=raw,file=/tmp/esp32c3-flash-0ROZW3 -accel qtest
Adding SPI flash device
ok 2 /riscv32/esp32c3-flash/shared-chip-id
# starting QEMU: exec /tmp/x3-native-candidate-b8ceb00b1c87122d/install/bin/qemu-system-riscv32 -qtest tcp:127.0.0.1:59415 -qtest-log /dev/null -chardev socket,host=127.0.0.1,port=45775,id=char0 -mon chardev=char0,mode=control -display none -audio none -machine esp32c3 -nodefaults -drive if=mtd,format=raw,file=/tmp/esp32c3-flash-8J01W3 -accel qtest
Adding SPI flash device
ok 3 /riscv32/esp32c3-flash/shared-storage
# starting QEMU: exec /tmp/x3-native-candidate-b8ceb00b1c87122d/install/bin/qemu-system-riscv32 -qtest tcp:127.0.0.1:51895 -qtest-log /dev/null -chardev socket,host=127.0.0.1,port=38813,id=char0 -mon chardev=char0,mode=control -display none -audio none -machine esp32c3 -nodefaults -drive if=mtd,format=raw,file=/tmp/esp32c3-flash-NT8MW3 -accel qtest
Adding SPI flash device
ok 4 /riscv32/esp32c3-flash/asymmetric-user-transfer
# starting QEMU: exec /tmp/x3-native-candidate-b8ceb00b1c87122d/install/bin/qemu-system-riscv32 -qtest tcp:127.0.0.1:46899 -qtest-log /dev/null -chardev socket,host=127.0.0.1,port=59407,id=char0 -mon chardev=char0,mode=control -display none -audio none -machine esp32c3 -nodefaults -drive if=mtd,format=raw,file=/tmp/esp32c3-flash-L0JLW3 -accel qtest
Adding SPI flash device
ok 5 /riscv32/esp32c3-flash/legacy-manufacturer-id
# starting QEMU: exec /tmp/x3-native-candidate-b8ceb00b1c87122d/install/bin/qemu-system-riscv32 -qtest tcp:127.0.0.1:39873 -qtest-log /dev/null -chardev socket,host=127.0.0.1,port=34217,id=char0 -mon chardev=char0,mode=control -display none -audio none -machine esp32c3 -nodefaults -drive if=mtd,format=raw,file=/tmp/esp32c3-flash-157NW3 -accel qtest
Adding SPI flash device
ok 6 /riscv32/esp32c3-flash/legacy-electronic-signature
# starting QEMU: exec /tmp/x3-native-candidate-b8ceb00b1c87122d/install/bin/qemu-system-riscv32 -qtest tcp:127.0.0.1:37333 -qtest-log /dev/null -chardev socket,host=127.0.0.1,port=48803,id=char0 -mon chardev=char0,mode=control -display none -audio none -machine esp32c3 -nodefaults -drive if=mtd,format=raw,file=/tmp/esp32c3-flash-F9PQW3 -accel qtest
Adding SPI flash device
ok 7 /riscv32/esp32c3-flash/control-registers
# starting QEMU: exec /tmp/x3-native-candidate-b8ceb00b1c87122d/install/bin/qemu-system-riscv32 -qtest tcp:127.0.0.1:42125 -qtest-log /dev/null -chardev socket,host=127.0.0.1,port=58887,id=char0 -mon chardev=char0,mode=control -display none -audio none -machine esp32c3 -nodefaults -drive if=mtd,format=raw,file=/tmp/esp32c3-flash-90OUW3 -accel qtest
Adding SPI flash device
ok 8 /riscv32/esp32c3-flash/chip-select-disable
# starting QEMU: exec /tmp/x3-native-candidate-b8ceb00b1c87122d/install/bin/qemu-system-riscv32 -qtest tcp:127.0.0.1:43247 -qtest-log /dev/null -chardev socket,host=127.0.0.1,port=49145,id=char0 -mon chardev=char0,mode=control -display none -audio none -machine esp32c3 -nodefaults -drive if=mtd,format=raw,file=/tmp/esp32c3-flash-5UJWW3 -accel qtest
Adding SPI flash device
ok 9 /riscv32/esp32c3-flash/suspend-request-coverage
# starting QEMU: exec /tmp/x3-native-candidate-b8ceb00b1c87122d/install/bin/qemu-system-riscv32 -qtest tcp:127.0.0.1:50921 -qtest-log /dev/null -chardev socket,host=127.0.0.1,port=36649,id=char0 -mon chardev=char0,mode=control -display none -audio none -machine esp32c3 -nodefaults -drive if=mtd,format=raw,file=/tmp/esp32c3-flash-3QZYW3 -accel qtest
Adding SPI flash device
ok 10 /riscv32/esp32c3-flash/oversized-transfer
# starting QEMU: exec /tmp/x3-native-candidate-b8ceb00b1c87122d/install/bin/qemu-system-riscv32 -qtest tcp:127.0.0.1:50213 -qtest-log /dev/null -chardev socket,host=127.0.0.1,port=45427,id=char0 -mon chardev=char0,mode=control -display none -audio none -machine esp32c3 -nodefaults -drive if=mtd,format=raw,file=/tmp/esp32c3-flash-2DW2W3 -accel qtest
Adding SPI flash device
ok 11 /riscv32/esp32c3-flash/unsupported-coverage
# End of esp32c3-flash tests
# End of riscv32 tests
