TAP version 13
# random seed: R02S79cf2074265757a25e494c7a55bf91a9
1..12
# Start of riscv32 tests
# Start of esp32c3-i2c tests
# starting QEMU: exec /tmp/x3-native-candidate-b8ceb00b1c87122d/install/bin/qemu-system-riscv32 -qtest tcp:127.0.0.1:60979 -qtest-log /dev/null -chardev socket,host=127.0.0.1,port=53631,id=char0 -mon chardev=char0,mode=control -display none -audio none -machine esp32c3,xteink-x3=true -nodefaults -accel qtest
Not initializing SPI Flash
ok 1 /riscv32/esp32c3-i2c/x3-detection
# starting QEMU: exec /tmp/x3-native-candidate-b8ceb00b1c87122d/install/bin/qemu-system-riscv32 -qtest tcp:127.0.0.1:43469 -qtest-log /dev/null -chardev socket,host=127.0.0.1,port=35233,id=char0 -mon chardev=char0,mode=control -display none -audio none -machine esp32c3,xteink-x3=true -nodefaults -accel qtest
Not initializing SPI Flash
ok 2 /riscv32/esp32c3-i2c/unknown-nack
# starting QEMU: exec /tmp/x3-native-candidate-b8ceb00b1c87122d/install/bin/qemu-system-riscv32 -qtest tcp:127.0.0.1:56305 -qtest-log /dev/null -chardev socket,host=127.0.0.1,port=35279,id=char0 -mon chardev=char0,mode=control -display none -audio none -machine esp32c3,xteink-x3=false -nodefaults -accel qtest
Not initializing SPI Flash
ok 3 /riscv32/esp32c3-i2c/empty-board-bus
# starting QEMU: exec /tmp/x3-native-candidate-b8ceb00b1c87122d/install/bin/qemu-system-riscv32 -qtest tcp:127.0.0.1:35045 -qtest-log /dev/null -chardev socket,host=127.0.0.1,port=52669,id=char0 -mon chardev=char0,mode=control -display none -audio none -machine esp32c3,xteink-x3=true -nodefaults -accel qtest
Not initializing SPI Flash
ok 4 /riscv32/esp32c3-i2c/completion-irq-w1c
# starting QEMU: exec /tmp/x3-native-candidate-b8ceb00b1c87122d/install/bin/qemu-system-riscv32 -qtest tcp:127.0.0.1:38095 -qtest-log /dev/null -chardev socket,host=127.0.0.1,port=32951,id=char0 -mon chardev=char0,mode=control -display none -audio none -machine esp32c3,xteink-x3=true -nodefaults -accel qtest
Not initializing SPI Flash
ok 5 /riscv32/esp32c3-i2c/end-and-resume
# starting QEMU: exec /tmp/x3-native-candidate-b8ceb00b1c87122d/install/bin/qemu-system-riscv32 -qtest tcp:127.0.0.1:60547 -qtest-log /dev/null -chardev socket,host=127.0.0.1,port=37081,id=char0 -mon chardev=char0,mode=control -display none -audio none -machine esp32c3,xteink-x3=true -nodefaults -accel qtest
Not initializing SPI Flash
ok 6 /riscv32/esp32c3-i2c/fifo-reset
# starting QEMU: exec /tmp/x3-native-candidate-b8ceb00b1c87122d/install/bin/qemu-system-riscv32 -qtest tcp:127.0.0.1:40369 -qtest-log /dev/null -chardev socket,host=127.0.0.1,port=54021,id=char0 -mon chardev=char0,mode=control -display none -audio none -machine esp32c3,xteink-x3=true -nodefaults -accel qtest
Not initializing SPI Flash
ok 7 /riscv32/esp32c3-i2c/rtc-virtual-time
# starting QEMU: exec /tmp/x3-native-candidate-b8ceb00b1c87122d/install/bin/qemu-system-riscv32 -qtest tcp:127.0.0.1:37675 -qtest-log /dev/null -chardev socket,host=127.0.0.1,port=55823,id=char0 -mon chardev=char0,mode=control -display none -audio none -machine esp32c3,xteink-x3=false -nodefaults -accel qtest
Not initializing SPI Flash
ok 8 /riscv32/esp32c3-i2c/idle-virtual-clock
# starting QEMU: exec /tmp/x3-native-candidate-b8ceb00b1c87122d/install/bin/qemu-system-riscv32 -qtest tcp:127.0.0.1:49911 -qtest-log /dev/null -chardev socket,host=127.0.0.1,port=58133,id=char0 -mon chardev=char0,mode=control -display none -audio none -machine esp32c3,xteink-x3=true -nodefaults -accel qtest
Not initializing SPI Flash
ok 9 /riscv32/esp32c3-i2c/battery-injection
# starting QEMU: exec /tmp/x3-native-candidate-b8ceb00b1c87122d/install/bin/qemu-system-riscv32 -qtest tcp:127.0.0.1:33121 -qtest-log /dev/null -chardev socket,host=127.0.0.1,port=44689,id=char0 -mon chardev=char0,mode=control -display none -audio none -machine esp32c3,xteink-x3=true -nodefaults -accel qtest
Not initializing SPI Flash
ok 10 /riscv32/esp32c3-i2c/rtc-calendar-and-flags
# starting QEMU: exec /tmp/x3-native-candidate-b8ceb00b1c87122d/install/bin/qemu-system-riscv32 -qtest tcp:127.0.0.1:48777 -qtest-log /dev/null -chardev socket,host=127.0.0.1,port=58447,id=char0 -mon chardev=char0,mode=control -display none -audio none -machine esp32c3,xteink-x3=true -nodefaults -accel qtest
Not initializing SPI Flash
ok 11 /riscv32/esp32c3-i2c/imu-pose-and-power
# starting QEMU: exec /tmp/x3-native-candidate-b8ceb00b1c87122d/install/bin/qemu-system-riscv32 -qtest tcp:127.0.0.1:55863 -qtest-log /dev/null -chardev socket,host=127.0.0.1,port=50735,id=char0 -mon chardev=char0,mode=control -display none -audio none -machine esp32c3,xteink-x3=true -nodefaults -accel qtest
Not initializing SPI Flash
ok 12 /riscv32/esp32c3-i2c/imu-motion-release
# End of esp32c3-i2c tests
# End of riscv32 tests
