TAP version 13
# random seed: R02S8722fc6e72cdbbd239c5c9d954c0f4b0
1..4
# Start of riscv32 tests
# Start of esp32c3-assist-debug tests
# starting QEMU: exec /tmp/x3-native-candidate-b8ceb00b1c87122d/install/bin/qemu-system-riscv32 -qtest tcp:127.0.0.1:50727 -qtest-log /dev/null -chardev socket,host=127.0.0.1,port=33831,id=char0 -mon chardev=char0,mode=control -display none -audio none -machine esp32c3,xteink-x3=true -nodefaults -accel qtest
Not initializing SPI Flash
ok 1 /riscv32/esp32c3-assist-debug/register-bounds-irq-and-clear
# starting QEMU: exec /tmp/x3-native-candidate-b8ceb00b1c87122d/install/bin/qemu-system-riscv32 -qtest tcp:127.0.0.1:53821 -qtest-log /dev/null -chardev socket,host=127.0.0.1,port=45449,id=char0 -mon chardev=char0,mode=control -display none -audio none -machine esp32c3,xteink-x3=true -nodefaults -accel qtest
Not initializing SPI Flash
ok 2 /riscv32/esp32c3-assist-debug/unmodelled-monitor-is-reported
# starting QEMU: exec /tmp/x3-native-candidate-b8ceb00b1c87122d/install/bin/qemu-system-riscv32 -qtest tcp:127.0.0.1:54783 -qtest-log /dev/null -chardev socket,host=127.0.0.1,port=37637,id=char0 -mon chardev=char0,mode=control -display none -audio none -machine esp32c3,xteink-x3=true -nodefaults -accel tcg -S -device loader,file=/tmp/esp32c3-assist-6ACRW3,addr=0x40380000,cpu-num=0,force-raw=on -accel qtest
Not initializing SPI Flash
qemu-system-riscv32: warning: nic esp32c3.wifi.0 has no peer
ok 3 /riscv32/esp32c3-assist-debug/executed-sp-limits-and-fault-pc
# starting QEMU: exec /tmp/x3-native-candidate-b8ceb00b1c87122d/install/bin/qemu-system-riscv32 -qtest tcp:127.0.0.1:51591 -qtest-log /dev/null -chardev socket,host=127.0.0.1,port=43599,id=char0 -mon chardev=char0,mode=control -display none -audio none -machine esp32c3,xteink-x3=true -nodefaults -accel tcg -S -device loader,file=/tmp/esp32c3-assist-ZKPXW3,addr=0x40380000,cpu-num=0,force-raw=on -accel qtest
Not initializing SPI Flash
qemu-system-riscv32: warning: nic esp32c3.wifi.0 has no peer
ok 4 /riscv32/esp32c3-assist-debug/executed-native-irq-precedes-next-instruction
# End of esp32c3-assist-debug tests
# End of riscv32 tests
