TAP version 13
# random seed: R02S438c866f0eff29681447c446f89bcc0a
1..11
# Start of riscv32 tests
# Start of xteink-x3-adc tests
# starting QEMU: exec /tmp/x3-native-candidate-b8ceb00b1c87122d/install/bin/qemu-system-riscv32 -qtest tcp:127.0.0.1:43411 -qtest-log /dev/null -chardev socket,host=127.0.0.1,port=43339,id=char0 -mon chardev=char0,mode=control -display none -audio none -machine esp32c3,xteink-x3=true -nodefaults -accel qtest
Not initializing SPI Flash
ok 1 /riscv32/xteink-x3-adc/released-inputs
# starting QEMU: exec /tmp/x3-native-candidate-b8ceb00b1c87122d/install/bin/qemu-system-riscv32 -qtest tcp:127.0.0.1:51239 -qtest-log /dev/null -chardev socket,host=127.0.0.1,port=57167,id=char0 -mon chardev=char0,mode=control -display none -audio none -machine esp32c3,xteink-x3=true -nodefaults -accel qtest
Not initializing SPI Flash
ok 2 /riscv32/xteink-x3-adc/button-ladders
# starting QEMU: exec /tmp/x3-native-candidate-b8ceb00b1c87122d/install/bin/qemu-system-riscv32 -qtest tcp:127.0.0.1:36193 -qtest-log /dev/null -chardev socket,host=127.0.0.1,port=59535,id=char0 -mon chardev=char0,mode=control -display none -audio none -machine esp32c3,xteink-x3=true -nodefaults -accel qtest
Not initializing SPI Flash
ok 3 /riscv32/xteink-x3-adc/raw-injection-and-rejected-inputs
# starting QEMU: exec /tmp/x3-native-candidate-b8ceb00b1c87122d/install/bin/qemu-system-riscv32 -qtest tcp:127.0.0.1:49065 -qtest-log /dev/null -chardev socket,host=127.0.0.1,port=33747,id=char0 -mon chardev=char0,mode=control -display none -audio none -machine esp32c3,xteink-x3=true -nodefaults -accel qtest
Not initializing SPI Flash
ok 4 /riscv32/xteink-x3-adc/done-flags-and-w1c
# starting QEMU: exec /tmp/x3-native-candidate-b8ceb00b1c87122d/install/bin/qemu-system-riscv32 -qtest tcp:127.0.0.1:58277 -qtest-log /dev/null -chardev socket,host=127.0.0.1,port=55845,id=char0 -mon chardev=char0,mode=control -display none -audio none -machine esp32c3,xteink-x3=true -nodefaults -accel qtest
Not initializing SPI Flash
ok 5 /riscv32/xteink-x3-adc/irq-masking
# starting QEMU: exec /tmp/x3-native-candidate-b8ceb00b1c87122d/install/bin/qemu-system-riscv32 -qtest tcp:127.0.0.1:34903 -qtest-log /dev/null -chardev socket,host=127.0.0.1,port=35165,id=char0 -mon chardev=char0,mode=control -display none -audio none -machine esp32c3,xteink-x3=true -nodefaults -accel qtest
Not initializing SPI Flash
ok 6 /riscv32/xteink-x3-adc/delayed-latched-conversion
# starting QEMU: exec /tmp/x3-native-candidate-b8ceb00b1c87122d/install/bin/qemu-system-riscv32 -qtest tcp:127.0.0.1:59495 -qtest-log /dev/null -chardev socket,host=127.0.0.1,port=39811,id=char0 -mon chardev=char0,mode=control -display none -audio none -machine esp32c3,xteink-x3=true -nodefaults -accel qtest
Not initializing SPI Flash
ok 7 /riscv32/xteink-x3-adc/start-edge
# starting QEMU: exec /tmp/x3-native-candidate-b8ceb00b1c87122d/install/bin/qemu-system-riscv32 -qtest tcp:127.0.0.1:34573 -qtest-log /dev/null -chardev socket,host=127.0.0.1,port=47075,id=char0 -mon chardev=char0,mode=control -display none -audio none -machine esp32c3,xteink-x3=true -nodefaults -accel qtest
Not initializing SPI Flash
ok 8 /riscv32/xteink-x3-adc/pulse-deadline
# starting QEMU: exec /tmp/x3-native-candidate-b8ceb00b1c87122d/install/bin/qemu-system-riscv32 -qtest tcp:127.0.0.1:34873 -qtest-log /dev/null -chardev socket,host=127.0.0.1,port=51027,id=char0 -mon chardev=char0,mode=control -display none -audio none -machine esp32c3,xteink-x3=true -nodefaults -accel qtest
Not initializing SPI Flash
ok 9 /riscv32/xteink-x3-adc/pulse-replace-cancel-and-manual
# starting QEMU: exec /tmp/x3-native-candidate-b8ceb00b1c87122d/install/bin/qemu-system-riscv32 -qtest tcp:127.0.0.1:33597 -qtest-log /dev/null -chardev socket,host=127.0.0.1,port=53693,id=char0 -mon chardev=char0,mode=control -display none -audio none -machine esp32c3,xteink-x3=true -nodefaults -accel qtest
Not initializing SPI Flash
ok 10 /riscv32/xteink-x3-adc/pulse-invalid-requests-keep-deadline
# starting QEMU: exec /tmp/x3-native-candidate-b8ceb00b1c87122d/install/bin/qemu-system-riscv32 -qtest tcp:127.0.0.1:45235 -qtest-log /dev/null -chardev socket,host=127.0.0.1,port=55077,id=char0 -mon chardev=char0,mode=control -display none -audio none -machine esp32c3,xteink-x3=true -nodefaults -accel qtest
Not initializing SPI Flash
ok 11 /riscv32/xteink-x3-adc/pulse-and-conversion-collision
# End of xteink-x3-adc tests
# End of riscv32 tests
