TAP version 13
# random seed: R02S7e50072a4b02604cd8ff9b92a8f623ea
1..6
# Start of riscv32 tests
# Start of xteink-x3-sd tests
# starting QEMU: exec /tmp/x3-native-candidate-b8ceb00b1c87122d/install/bin/qemu-system-riscv32 -qtest tcp:127.0.0.1:39077 -qtest-log /dev/null -chardev socket,host=127.0.0.1,port=60353,id=char0 -mon chardev=char0,mode=control -display none -audio none -machine esp32c3,xteink-x3=true -nodefaults -drive if=sd,format=raw,file=/tmp/xteink-x3-sd-LL90W3 -accel qtest
Not initializing SPI Flash
ok 1 /riscv32/xteink-x3-sd/initialization-and-reinitialize
# starting QEMU: exec /tmp/x3-native-candidate-b8ceb00b1c87122d/install/bin/qemu-system-riscv32 -qtest tcp:127.0.0.1:39923 -qtest-log /dev/null -chardev socket,host=127.0.0.1,port=56575,id=char0 -mon chardev=char0,mode=control -display none -audio none -machine esp32c3,xteink-x3=true -nodefaults -drive if=sd,format=raw,file=/tmp/xteink-x3-sd-KQ73W3 -accel qtest
Not initializing SPI Flash
ok 2 /riscv32/xteink-x3-sd/mbr-read
# starting QEMU: exec /tmp/x3-native-candidate-b8ceb00b1c87122d/install/bin/qemu-system-riscv32 -qtest tcp:127.0.0.1:46249 -qtest-log /dev/null -chardev socket,host=127.0.0.1,port=51391,id=char0 -mon chardev=char0,mode=control -display none -audio none -machine esp32c3,xteink-x3=true -nodefaults -drive if=sd,format=raw,file=/tmp/xteink-x3-sd-JVC6W3 -accel qtest
Not initializing SPI Flash
ok 3 /riscv32/xteink-x3-sd/csd-capacity-and-cid
# starting QEMU: exec /tmp/x3-native-candidate-b8ceb00b1c87122d/install/bin/qemu-system-riscv32 -qtest tcp:127.0.0.1:60027 -qtest-log /dev/null -chardev socket,host=127.0.0.1,port=33513,id=char0 -mon chardev=char0,mode=control -display none -audio none -machine esp32c3,xteink-x3=true -nodefaults -drive if=sd,format=raw,file=/tmp/xteink-x3-sd-AWWPW3 -accel qtest
Not initializing SPI Flash
ok 4 /riscv32/xteink-x3-sd/write-read-and-power-cycle
# starting QEMU: exec /tmp/x3-native-candidate-b8ceb00b1c87122d/install/bin/qemu-system-riscv32 -qtest tcp:127.0.0.1:55181 -qtest-log /dev/null -chardev socket,host=127.0.0.1,port=38539,id=char0 -mon chardev=char0,mode=control -display none -audio none -machine esp32c3,xteink-x3=true -nodefaults -drive if=sd,format=raw,file=/tmp/xteink-x3-sd-YSJSW3 -accel qtest
Not initializing SPI Flash
ok 5 /riscv32/xteink-x3-sd/multiblock-cache-writes
# starting QEMU: exec /tmp/x3-native-candidate-b8ceb00b1c87122d/install/bin/qemu-system-riscv32 -qtest tcp:127.0.0.1:42485 -qtest-log /dev/null -chardev socket,host=127.0.0.1,port=47379,id=char0 -mon chardev=char0,mode=control -display none -audio none -machine esp32c3,xteink-x3=true -nodefaults -drive if=sd,format=raw,file=/tmp/xteink-x3-sd-XDSTW3 -accel qtest
Not initializing SPI Flash
ok 6 /riscv32/xteink-x3-sd/status-after-write
# End of xteink-x3-sd tests
# End of riscv32 tests
