TAP version 13
# random seed: R02S45d7bc2310a2e23b6206dcf92f64d3ef
1..6
# Start of riscv32 tests
# Start of esp32c3-usb tests
# starting QEMU: exec /tmp/x3-native-candidate-b9b1a547e4e75b28/install/bin/qemu-system-riscv32 -qtest tcp:127.0.0.1:39701 -qtest-log /dev/null -chardev socket,host=127.0.0.1,port=38523,id=char0 -mon chardev=char0,mode=control -display none -audio none -machine esp32c3 -nodefaults -chardev socket,id=usbserial,host=127.0.0.1,port=52067,server=on,wait=off -serial null -serial null -serial chardev:usbserial -accel qtest
Not initializing SPI Flash
ok 1 /riscv32/esp32c3-usb/sof-and-flush
# starting QEMU: exec /tmp/x3-native-candidate-b9b1a547e4e75b28/install/bin/qemu-system-riscv32 -qtest tcp:127.0.0.1:46355 -qtest-log /dev/null -chardev socket,host=127.0.0.1,port=49811,id=char0 -mon chardev=char0,mode=control -display none -audio none -machine esp32c3 -nodefaults -chardev socket,id=usbserial,host=127.0.0.1,port=51325,server=on,wait=off -serial null -serial null -serial chardev:usbserial -accel qtest
Not initializing SPI Flash
ok 2 /riscv32/esp32c3-usb/full-packet-auto-flush
# starting QEMU: exec /tmp/x3-native-candidate-b9b1a547e4e75b28/install/bin/qemu-system-riscv32 -qtest tcp:127.0.0.1:47213 -qtest-log /dev/null -chardev socket,host=127.0.0.1,port=44677,id=char0 -mon chardev=char0,mode=control -display none -audio none -machine esp32c3 -nodefaults -chardev socket,id=usbserial,host=127.0.0.1,port=60051,server=on,wait=off -serial null -serial null -serial chardev:usbserial -accel qtest
Not initializing SPI Flash
ok 3 /riscv32/esp32c3-usb/host-rx-and-irq
# starting QEMU: exec /tmp/x3-native-candidate-b9b1a547e4e75b28/install/bin/qemu-system-riscv32 -qtest tcp:127.0.0.1:59037 -qtest-log /dev/null -chardev socket,host=127.0.0.1,port=50541,id=char0 -mon chardev=char0,mode=control -display none -audio none -machine esp32c3,xteink-x3=true -nodefaults -chardev socket,id=usbserial,host=127.0.0.1,port=57491,server=on,wait=off -serial null -serial null -serial chardev:usbserial -accel qtest
Not initializing SPI Flash
ok 4 /riscv32/esp32c3-usb/light-sleep-gates-usb
# starting QEMU: exec /tmp/x3-native-candidate-b9b1a547e4e75b28/install/bin/qemu-system-riscv32 -qtest tcp:127.0.0.1:41969 -qtest-log /dev/null -chardev socket,host=127.0.0.1,port=53717,id=char0 -mon chardev=char0,mode=control -display none -audio none -machine esp32c3 -nodefaults -chardev socket,id=usbserial,host=127.0.0.1,port=51849,server=on,wait=off -serial null -serial null -serial chardev:usbserial -accel qtest
Not initializing SPI Flash
ok 5 /riscv32/esp32c3-usb/bulk-tx-before-next-sof
# slow test /riscv32/esp32c3-usb/bulk-tx-before-next-sof executed in 0.53 secs
# starting QEMU: exec /tmp/x3-native-candidate-b9b1a547e4e75b28/install/bin/qemu-system-riscv32 -qtest tcp:127.0.0.1:51721 -qtest-log /dev/null -chardev socket,host=127.0.0.1,port=52067,id=char0 -mon chardev=char0,mode=control -display none -audio none -machine esp32c3 -nodefaults -chardev socket,id=usbserial,host=127.0.0.1,port=49027,server=on,wait=off -serial null -serial null -serial chardev:usbserial -accel qtest
Not initializing SPI Flash
ok 6 /riscv32/esp32c3-usb/host-rx-packet-backpressure
# End of esp32c3-usb tests
# End of riscv32 tests
