TAP version 13
# random seed: R02Sed8eacb0aad8c6e59cc229aa85091305
1..6
# Start of riscv32 tests
# Start of xteink-x3-sd tests
# starting QEMU: exec /tmp/x3-native-candidate-b9b1a547e4e75b28/install/bin/qemu-system-riscv32 -qtest tcp:127.0.0.1:42989 -qtest-log /dev/null -chardev socket,host=127.0.0.1,port=56387,id=char0 -mon chardev=char0,mode=control -display none -audio none -machine esp32c3,xteink-x3=true -nodefaults -drive if=sd,format=raw,file=/tmp/xteink-x3-sd-05D7W3 -accel qtest
Not initializing SPI Flash
ok 1 /riscv32/xteink-x3-sd/initialization-and-reinitialize
# starting QEMU: exec /tmp/x3-native-candidate-b9b1a547e4e75b28/install/bin/qemu-system-riscv32 -qtest tcp:127.0.0.1:43993 -qtest-log /dev/null -chardev socket,host=127.0.0.1,port=55235,id=char0 -mon chardev=char0,mode=control -display none -audio none -machine esp32c3,xteink-x3=true -nodefaults -drive if=sd,format=raw,file=/tmp/xteink-x3-sd-RV8LW3 -accel qtest
Not initializing SPI Flash
ok 2 /riscv32/xteink-x3-sd/mbr-read
# starting QEMU: exec /tmp/x3-native-candidate-b9b1a547e4e75b28/install/bin/qemu-system-riscv32 -qtest tcp:127.0.0.1:44473 -qtest-log /dev/null -chardev socket,host=127.0.0.1,port=36275,id=char0 -mon chardev=char0,mode=control -display none -audio none -machine esp32c3,xteink-x3=true -nodefaults -drive if=sd,format=raw,file=/tmp/xteink-x3-sd-BX6NW3 -accel qtest
Not initializing SPI Flash
ok 3 /riscv32/xteink-x3-sd/csd-capacity-and-cid
# starting QEMU: exec /tmp/x3-native-candidate-b9b1a547e4e75b28/install/bin/qemu-system-riscv32 -qtest tcp:127.0.0.1:57617 -qtest-log /dev/null -chardev socket,host=127.0.0.1,port=48133,id=char0 -mon chardev=char0,mode=control -display none -audio none -machine esp32c3,xteink-x3=true -nodefaults -drive if=sd,format=raw,file=/tmp/xteink-x3-sd-8JLVW3 -accel qtest
Not initializing SPI Flash
ok 4 /riscv32/xteink-x3-sd/write-read-and-power-cycle
# starting QEMU: exec /tmp/x3-native-candidate-b9b1a547e4e75b28/install/bin/qemu-system-riscv32 -qtest tcp:127.0.0.1:38077 -qtest-log /dev/null -chardev socket,host=127.0.0.1,port=56987,id=char0 -mon chardev=char0,mode=control -display none -audio none -machine esp32c3,xteink-x3=true -nodefaults -drive if=sd,format=raw,file=/tmp/xteink-x3-sd-PSEXW3 -accel qtest
Not initializing SPI Flash
ok 5 /riscv32/xteink-x3-sd/multiblock-cache-writes
# starting QEMU: exec /tmp/x3-native-candidate-b9b1a547e4e75b28/install/bin/qemu-system-riscv32 -qtest tcp:127.0.0.1:45311 -qtest-log /dev/null -chardev socket,host=127.0.0.1,port=58023,id=char0 -mon chardev=char0,mode=control -display none -audio none -machine esp32c3,xteink-x3=true -nodefaults -drive if=sd,format=raw,file=/tmp/xteink-x3-sd-C9R2W3 -accel qtest
Not initializing SPI Flash
ok 6 /riscv32/xteink-x3-sd/status-after-write
# End of xteink-x3-sd tests
# End of riscv32 tests
