TAP version 13
# random seed: R02Sad888bdfcd49bb9ba3f6b8c7b8acf5e0
1..16
# Start of riscv32 tests
# Start of esp32c3 tests
# Start of rtc tests
# starting QEMU: exec /tmp/x3-native-candidate-ed9d7d3504455510/install/bin/qemu-system-riscv32 -qtest tcp:127.0.0.1:60713 -qtest-log /dev/null -chardev socket,host=127.0.0.1,port=55075,id=char0 -mon chardev=char0,mode=control -display none -audio none -machine esp32c3,xteink-x3=true -nodefaults -accel qtest
Not initializing SPI Flash
ok 1 /riscv32/esp32c3/rtc/fastmem-crc
# starting QEMU: exec /tmp/x3-native-candidate-ed9d7d3504455510/install/bin/qemu-system-riscv32 -qtest tcp:127.0.0.1:47559 -qtest-log /dev/null -chardev socket,host=127.0.0.1,port=34387,id=char0 -mon chardev=char0,mode=control -display none -audio none -machine esp32c3,xteink-x3=true -nodefaults -accel qtest
Not initializing SPI Flash
ok 2 /riscv32/esp32c3/rtc/timer-light-sleep
# starting QEMU: exec /tmp/x3-native-candidate-ed9d7d3504455510/install/bin/qemu-system-riscv32 -qtest tcp:127.0.0.1:59699 -qtest-log /dev/null -chardev socket,host=127.0.0.1,port=35947,id=char0 -mon chardev=char0,mode=control -display none -audio none -machine esp32c3,xteink-x3=true -nodefaults -accel qtest
Not initializing SPI Flash
ok 3 /riscv32/esp32c3/rtc/gpio-deep-sleep
# starting QEMU: exec /tmp/x3-native-candidate-ed9d7d3504455510/install/bin/qemu-system-riscv32 -qtest tcp:127.0.0.1:42137 -qtest-log /dev/null -chardev socket,host=127.0.0.1,port=57455,id=char0 -mon chardev=char0,mode=control -display none -audio none -machine esp32c3,xteink-x3=true -nodefaults -accel qtest
Not initializing SPI Flash
ok 4 /riscv32/esp32c3/rtc/gpio-sleep-reject
# starting QEMU: exec /tmp/x3-native-candidate-ed9d7d3504455510/install/bin/qemu-system-riscv32 -qtest tcp:127.0.0.1:54933 -qtest-log /dev/null -chardev socket,host=127.0.0.1,port=40667,id=char0 -mon chardev=char0,mode=control -display none -audio none -machine esp32c3,xteink-x3=true -nodefaults -accel qtest
Not initializing SPI Flash
ok 5 /riscv32/esp32c3/rtc/expired-timer
# starting QEMU: exec /tmp/x3-native-candidate-ed9d7d3504455510/install/bin/qemu-system-riscv32 -qtest tcp:127.0.0.1:37519 -qtest-log /dev/null -chardev socket,host=127.0.0.1,port=33725,id=char0 -mon chardev=char0,mode=control -display none -audio none -machine esp32c3,xteink-x3=true -nodefaults -accel qtest
Not initializing SPI Flash
ok 6 /riscv32/esp32c3/rtc/timer-phase-and-xtal-latch
# starting QEMU: exec /tmp/x3-native-candidate-ed9d7d3504455510/install/bin/qemu-system-riscv32 -qtest tcp:127.0.0.1:54377 -qtest-log /dev/null -chardev socket,host=127.0.0.1,port=39695,id=char0 -mon chardev=char0,mode=control -display none -audio none -machine esp32c3,xteink-x3=true -nodefaults -accel qtest
Not initializing SPI Flash
ok 7 /riscv32/esp32c3/rtc/watchdog-irq-feed-protection
# starting QEMU: exec /tmp/x3-native-candidate-ed9d7d3504455510/install/bin/qemu-system-riscv32 -qtest tcp:127.0.0.1:51485 -qtest-log /dev/null -chardev socket,host=127.0.0.1,port=50569,id=char0 -mon chardev=char0,mode=control -display none -audio none -machine esp32c3,xteink-x3=true -nodefaults -accel qtest
Not initializing SPI Flash
ok 8 /riscv32/esp32c3/rtc/watchdog-off-stages-loop
# starting QEMU: exec /tmp/x3-native-candidate-ed9d7d3504455510/install/bin/qemu-system-riscv32 -qtest tcp:127.0.0.1:45487 -qtest-log /dev/null -chardev socket,host=127.0.0.1,port=42195,id=char0 -mon chardev=char0,mode=control -display none -audio none -machine esp32c3,xteink-x3=true -nodefaults -device loader,addr=0x40381234,cpu-num=0 -accel qtest
Not initializing SPI Flash
ok 9 /riscv32/esp32c3/rtc/watchdog-cpu-reset
# starting QEMU: exec /tmp/x3-native-candidate-ed9d7d3504455510/install/bin/qemu-system-riscv32 -qtest tcp:127.0.0.1:57209 -qtest-log /dev/null -chardev socket,host=127.0.0.1,port=60287,id=char0 -mon chardev=char0,mode=control -display none -audio none -machine esp32c3,xteink-x3=true -nodefaults -accel qtest
Not initializing SPI Flash
ok 10 /riscv32/esp32c3/rtc/watchdog-core-reset
# starting QEMU: exec /tmp/x3-native-candidate-ed9d7d3504455510/install/bin/qemu-system-riscv32 -qtest tcp:127.0.0.1:52747 -qtest-log /dev/null -chardev socket,host=127.0.0.1,port=50997,id=char0 -mon chardev=char0,mode=control -display none -audio none -machine esp32c3,xteink-x3=true -nodefaults -accel qtest
Not initializing SPI Flash
ok 11 /riscv32/esp32c3/rtc/watchdog-rtc-reset
# starting QEMU: exec /tmp/x3-native-candidate-ed9d7d3504455510/install/bin/qemu-system-riscv32 -qtest tcp:127.0.0.1:35549 -qtest-log /dev/null -chardev socket,host=127.0.0.1,port=46401,id=char0 -mon chardev=char0,mode=control -display none -audio none -machine esp32c3,xteink-x3=true -nodefaults -accel qtest
Not initializing SPI Flash
ok 12 /riscv32/esp32c3/rtc/watchdog-sleep-pause
# starting QEMU: exec /tmp/x3-native-candidate-ed9d7d3504455510/install/bin/qemu-system-riscv32 -qtest tcp:127.0.0.1:38585 -qtest-log /dev/null -chardev socket,host=127.0.0.1,port=47977,id=char0 -mon chardev=char0,mode=control -display none -audio none -machine esp32c3,xteink-x3=true -nodefaults -accel qtest
Not initializing SPI Flash
ok 13 /riscv32/esp32c3/rtc/watchdog-flash-boot
# starting QEMU: exec /tmp/x3-native-candidate-ed9d7d3504455510/install/bin/qemu-system-riscv32 -qtest tcp:127.0.0.1:48701 -qtest-log /dev/null -chardev socket,host=127.0.0.1,port=42399,id=char0 -mon chardev=char0,mode=control -display none -audio none -machine esp32c3,xteink-x3=true -nodefaults -drive file=/tmp/esp32c3-rtc-efuse-UI2NW3,if=none,format=raw,id=rtc-efuse -global driver=nvram.esp32c3.efuse,property=drive,value=rtc-efuse -accel qtest
Not initializing SPI Flash
ok 14 /riscv32/esp32c3/rtc/watchdog-flash-boot-efuse-delay
# starting QEMU: exec /tmp/x3-native-candidate-ed9d7d3504455510/install/bin/qemu-system-riscv32 -qtest tcp:127.0.0.1:42025 -qtest-log /dev/null -chardev socket,host=127.0.0.1,port=36721,id=char0 -mon chardev=char0,mode=control -display none -audio none -machine esp32c3,xteink-x3=true -nodefaults -accel qtest
Not initializing SPI Flash
ok 15 /riscv32/esp32c3/rtc/watchdog-configuration-does-not-feed
# starting QEMU: exec /tmp/x3-native-candidate-ed9d7d3504455510/install/bin/qemu-system-riscv32 -qtest tcp:127.0.0.1:51963 -qtest-log /dev/null -chardev socket,host=127.0.0.1,port=52857,id=char0 -mon chardev=char0,mode=control -display none -audio none -machine esp32c3 -nodefaults -global driver=esp32c3.gpio,property=strap_mode,value=2 -accel qtest
Not initializing SPI Flash
# starting QEMU: exec /tmp/x3-native-candidate-ed9d7d3504455510/install/bin/qemu-system-riscv32 -qtest tcp:127.0.0.1:33459 -qtest-log /dev/null -chardev socket,host=127.0.0.1,port=57155,id=char0 -mon chardev=char0,mode=control -display none -audio none -machine esp32c3,xteink-x3=true -nodefaults -global driver=esp32c3.gpio,property=strap_mode,value=2 -accel qtest
Not initializing SPI Flash
ok 16 /riscv32/esp32c3/rtc/watchdog-uart-download-boot
# End of rtc tests
# End of esp32c3 tests
# End of riscv32 tests
