TAP version 13
# random seed: R02Sa4ec908385dae29ad7a714d6ddc6e10d
1..6
# Start of riscv32 tests
# Start of esp32c3-usb tests
# starting QEMU: exec /tmp/x3-native-candidate-ed9d7d3504455510/install/bin/qemu-system-riscv32 -qtest tcp:127.0.0.1:53229 -qtest-log /dev/null -chardev socket,host=127.0.0.1,port=44665,id=char0 -mon chardev=char0,mode=control -display none -audio none -machine esp32c3 -nodefaults -chardev socket,id=usbserial,host=127.0.0.1,port=43645,server=on,wait=off -serial null -serial null -serial chardev:usbserial -accel qtest
Not initializing SPI Flash
ok 1 /riscv32/esp32c3-usb/sof-and-flush
# starting QEMU: exec /tmp/x3-native-candidate-ed9d7d3504455510/install/bin/qemu-system-riscv32 -qtest tcp:127.0.0.1:54295 -qtest-log /dev/null -chardev socket,host=127.0.0.1,port=58597,id=char0 -mon chardev=char0,mode=control -display none -audio none -machine esp32c3 -nodefaults -chardev socket,id=usbserial,host=127.0.0.1,port=45191,server=on,wait=off -serial null -serial null -serial chardev:usbserial -accel qtest
Not initializing SPI Flash
ok 2 /riscv32/esp32c3-usb/full-packet-auto-flush
# starting QEMU: exec /tmp/x3-native-candidate-ed9d7d3504455510/install/bin/qemu-system-riscv32 -qtest tcp:127.0.0.1:56147 -qtest-log /dev/null -chardev socket,host=127.0.0.1,port=52935,id=char0 -mon chardev=char0,mode=control -display none -audio none -machine esp32c3 -nodefaults -chardev socket,id=usbserial,host=127.0.0.1,port=58679,server=on,wait=off -serial null -serial null -serial chardev:usbserial -accel qtest
Not initializing SPI Flash
ok 3 /riscv32/esp32c3-usb/host-rx-and-irq
# starting QEMU: exec /tmp/x3-native-candidate-ed9d7d3504455510/install/bin/qemu-system-riscv32 -qtest tcp:127.0.0.1:34633 -qtest-log /dev/null -chardev socket,host=127.0.0.1,port=47533,id=char0 -mon chardev=char0,mode=control -display none -audio none -machine esp32c3,xteink-x3=true -nodefaults -chardev socket,id=usbserial,host=127.0.0.1,port=33001,server=on,wait=off -serial null -serial null -serial chardev:usbserial -accel qtest
Not initializing SPI Flash
ok 4 /riscv32/esp32c3-usb/light-sleep-gates-usb
# starting QEMU: exec /tmp/x3-native-candidate-ed9d7d3504455510/install/bin/qemu-system-riscv32 -qtest tcp:127.0.0.1:46237 -qtest-log /dev/null -chardev socket,host=127.0.0.1,port=36693,id=char0 -mon chardev=char0,mode=control -display none -audio none -machine esp32c3 -nodefaults -chardev socket,id=usbserial,host=127.0.0.1,port=41617,server=on,wait=off -serial null -serial null -serial chardev:usbserial -accel qtest
Not initializing SPI Flash
ok 5 /riscv32/esp32c3-usb/bulk-tx-before-next-sof
# slow test /riscv32/esp32c3-usb/bulk-tx-before-next-sof executed in 0.53 secs
# starting QEMU: exec /tmp/x3-native-candidate-ed9d7d3504455510/install/bin/qemu-system-riscv32 -qtest tcp:127.0.0.1:36005 -qtest-log /dev/null -chardev socket,host=127.0.0.1,port=53233,id=char0 -mon chardev=char0,mode=control -display none -audio none -machine esp32c3 -nodefaults -chardev socket,id=usbserial,host=127.0.0.1,port=57633,server=on,wait=off -serial null -serial null -serial chardev:usbserial -accel qtest
Not initializing SPI Flash
ok 6 /riscv32/esp32c3-usb/host-rx-packet-backpressure
# End of esp32c3-usb tests
# End of riscv32 tests
