TAP version 13
# random seed: R02Sc796720d6687c4dd25c6a05aeb26fe5a
1..10
# Start of riscv32 tests
# Start of esp32c3-regi2c tests
# starting QEMU: exec /tmp/x3-native-candidate-bd6ca5e91eae089f/install/bin/qemu-system-riscv32 -qtest tcp:127.0.0.1:51607 -qtest-log /dev/null -chardev socket,host=127.0.0.1,port=48727,id=char0 -mon chardev=char0,mode=control -display none -audio none -machine esp32c3,xteink-x3=true -nodefaults -accel qtest
Not initializing SPI Flash
ok 1 /riscv32/esp32c3-regi2c/rom-read-write
# starting QEMU: exec /tmp/x3-native-candidate-bd6ca5e91eae089f/install/bin/qemu-system-riscv32 -qtest tcp:127.0.0.1:43963 -qtest-log /dev/null -chardev socket,host=127.0.0.1,port=46893,id=char0 -mon chardev=char0,mode=control -display none -audio none -machine esp32c3,xteink-x3=true -nodefaults -accel qtest
Not initializing SPI Flash
ok 2 /riscv32/esp32c3-regi2c/masked-calibration-register
# starting QEMU: exec /tmp/x3-native-candidate-bd6ca5e91eae089f/install/bin/qemu-system-riscv32 -qtest tcp:127.0.0.1:53943 -qtest-log /dev/null -chardev socket,host=127.0.0.1,port=52817,id=char0 -mon chardev=char0,mode=control -display none -audio none -machine esp32c3,xteink-x3=true -nodefaults -accel qtest
Not initializing SPI Flash
ok 3 /riscv32/esp32c3-regi2c/power-gate
# starting QEMU: exec /tmp/x3-native-candidate-bd6ca5e91eae089f/install/bin/qemu-system-riscv32 -qtest tcp:127.0.0.1:46149 -qtest-log /dev/null -chardev socket,host=127.0.0.1,port=55413,id=char0 -mon chardev=char0,mode=control -display none -audio none -machine esp32c3,xteink-x3=true -nodefaults -accel qtest
Not initializing SPI Flash
ok 4 /riscv32/esp32c3-regi2c/unknown-and-busy
# starting QEMU: exec /tmp/x3-native-candidate-bd6ca5e91eae089f/install/bin/qemu-system-riscv32 -qtest tcp:127.0.0.1:46245 -qtest-log /dev/null -chardev socket,host=127.0.0.1,port=49745,id=char0 -mon chardev=char0,mode=control -display none -audio none -machine esp32c3,xteink-x3=true -nodefaults -accel qtest
Not initializing SPI Flash
ok 5 /riscv32/esp32c3-regi2c/phy-measurement-handshake
# starting QEMU: exec /tmp/x3-native-candidate-bd6ca5e91eae089f/install/bin/qemu-system-riscv32 -qtest tcp:127.0.0.1:33791 -qtest-log /dev/null -chardev socket,host=127.0.0.1,port=51547,id=char0 -mon chardev=char0,mode=control -display none -audio none -machine esp32c3,xteink-x3=true -nodefaults -accel qtest
Not initializing SPI Flash
ok 6 /riscv32/esp32c3-regi2c/phy-reset-pending
# starting QEMU: exec /tmp/x3-native-candidate-bd6ca5e91eae089f/install/bin/qemu-system-riscv32 -qtest tcp:127.0.0.1:58337 -qtest-log /dev/null -chardev socket,host=127.0.0.1,port=50983,id=char0 -mon chardev=char0,mode=control -display none -audio none -machine esp32c3,xteink-x3=true -nodefaults -accel qtest
Not initializing SPI Flash
ok 7 /riscv32/esp32c3-regi2c/phy-ungated-retrigger
# starting QEMU: exec /tmp/x3-native-candidate-bd6ca5e91eae089f/install/bin/qemu-system-riscv32 -qtest tcp:127.0.0.1:33629 -qtest-log /dev/null -chardev socket,host=127.0.0.1,port=56881,id=char0 -mon chardev=char0,mode=control -display none -audio none -machine esp32c3,xteink-x3=true -nodefaults -accel qtest
Not initializing SPI Flash
ok 8 /riscv32/esp32c3-regi2c/dc-comparator-handshake
# starting QEMU: exec /tmp/x3-native-candidate-bd6ca5e91eae089f/install/bin/qemu-system-riscv32 -qtest tcp:127.0.0.1:44551 -qtest-log /dev/null -chardev socket,host=127.0.0.1,port=37135,id=char0 -mon chardev=char0,mode=control -display none -audio none -machine esp32c3,xteink-x3=true -nodefaults -accel qtest
Not initializing SPI Flash
ok 9 /riscv32/esp32c3-regi2c/iq-pulse-handshake
# starting QEMU: exec /tmp/x3-native-candidate-bd6ca5e91eae089f/install/bin/qemu-system-riscv32 -qtest tcp:127.0.0.1:60671 -qtest-log /dev/null -chardev socket,host=127.0.0.1,port=40523,id=char0 -mon chardev=char0,mode=control -display none -audio none -machine esp32c3,xteink-x3=true -nodefaults -accel qtest
Not initializing SPI Flash
ok 10 /riscv32/esp32c3-regi2c/iq-repeat-cancel-reset
# End of esp32c3-regi2c tests
# End of riscv32 tests
