TAP version 13
# random seed: R02Sf0b5aed240839d99df1fd58777f75d4f
1..4
# Start of riscv32 tests
# Start of esp32c3-assist-debug tests
# starting QEMU: exec /tmp/x3-native-candidate-bd6ca5e91eae089f/install/bin/qemu-system-riscv32 -qtest tcp:127.0.0.1:45127 -qtest-log /dev/null -chardev socket,host=127.0.0.1,port=52351,id=char0 -mon chardev=char0,mode=control -display none -audio none -machine esp32c3,xteink-x3=true -nodefaults -accel qtest
Not initializing SPI Flash
ok 1 /riscv32/esp32c3-assist-debug/register-bounds-irq-and-clear
# starting QEMU: exec /tmp/x3-native-candidate-bd6ca5e91eae089f/install/bin/qemu-system-riscv32 -qtest tcp:127.0.0.1:40523 -qtest-log /dev/null -chardev socket,host=127.0.0.1,port=50945,id=char0 -mon chardev=char0,mode=control -display none -audio none -machine esp32c3,xteink-x3=true -nodefaults -accel qtest
Not initializing SPI Flash
ok 2 /riscv32/esp32c3-assist-debug/unmodelled-monitor-is-reported
# starting QEMU: exec /tmp/x3-native-candidate-bd6ca5e91eae089f/install/bin/qemu-system-riscv32 -qtest tcp:127.0.0.1:56041 -qtest-log /dev/null -chardev socket,host=127.0.0.1,port=47671,id=char0 -mon chardev=char0,mode=control -display none -audio none -machine esp32c3,xteink-x3=true -nodefaults -accel tcg -S -device loader,file=/tmp/esp32c3-assist-D0G2W3,addr=0x40380000,cpu-num=0,force-raw=on -accel qtest
Not initializing SPI Flash
qemu-system-riscv32: warning: nic esp32c3.wifi.0 has no peer
ok 3 /riscv32/esp32c3-assist-debug/executed-sp-limits-and-fault-pc
# starting QEMU: exec /tmp/x3-native-candidate-bd6ca5e91eae089f/install/bin/qemu-system-riscv32 -qtest tcp:127.0.0.1:38011 -qtest-log /dev/null -chardev socket,host=127.0.0.1,port=39787,id=char0 -mon chardev=char0,mode=control -display none -audio none -machine esp32c3,xteink-x3=true -nodefaults -accel tcg -S -device loader,file=/tmp/esp32c3-assist-PC2PW3,addr=0x40380000,cpu-num=0,force-raw=on -accel qtest
Not initializing SPI Flash
qemu-system-riscv32: warning: nic esp32c3.wifi.0 has no peer
ok 4 /riscv32/esp32c3-assist-debug/executed-native-irq-precedes-next-instruction
# End of esp32c3-assist-debug tests
# End of riscv32 tests
