TAP version 13
# random seed: R02Sefaed3accb6fb50fae77bed73deaa37e
1..10
# Start of riscv32 tests
# Start of xteink-x3-epd tests
# starting QEMU: exec /tmp/x3-native-candidate-bd6ca5e91eae089f/install/bin/qemu-system-riscv32 -qtest tcp:127.0.0.1:55257 -qtest-log /dev/null -chardev socket,host=127.0.0.1,port=37703,id=char0 -mon chardev=char0,mode=control -display none -audio none -machine esp32c3,xteink-x3=true -nodefaults -global xteink-x3-epd.controller=8253   -accel qtest
Not initializing SPI Flash
# starting QEMU: exec /tmp/x3-native-candidate-bd6ca5e91eae089f/install/bin/qemu-system-riscv32 -qtest tcp:127.0.0.1:49887 -qtest-log /dev/null -chardev socket,host=127.0.0.1,port=38401,id=char0 -mon chardev=char0,mode=control -display none -audio none -machine esp32c3,xteink-x3=true -nodefaults -global xteink-x3-epd.controller=8279   -accel qtest
Not initializing SPI Flash
ok 1 /riscv32/xteink-x3-epd/ver-probe
# starting QEMU: exec /tmp/x3-native-candidate-bd6ca5e91eae089f/install/bin/qemu-system-riscv32 -qtest tcp:127.0.0.1:38969 -qtest-log /dev/null -chardev socket,host=127.0.0.1,port=60691,id=char0 -mon chardev=char0,mode=control -display none -audio none -machine esp32c3,xteink-x3=true -nodefaults -global xteink-x3-epd.controller=8253 -global xteink-x3-epd.dump-file='/tmp/x3-panel-YJDPW3/frame.pgm'  -accel qtest
Not initializing SPI Flash
ok 2 /riscv32/xteink-x3-epd/ram-and-busy
# starting QEMU: exec /tmp/x3-native-candidate-bd6ca5e91eae089f/install/bin/qemu-system-riscv32 -qtest tcp:127.0.0.1:35857 -qtest-log /dev/null -chardev socket,host=127.0.0.1,port=58187,id=char0 -mon chardev=char0,mode=control -display none -audio none -machine esp32c3,xteink-x3=true -nodefaults -global xteink-x3-epd.controller=8253 -global xteink-x3-epd.dump-file='/tmp/x3-gray-3GCRW3/frame.pgm'  -accel qtest
Not initializing SPI Flash
ok 3 /riscv32/xteink-x3-epd/gray-and-differential
# starting QEMU: exec /tmp/x3-native-candidate-bd6ca5e91eae089f/install/bin/qemu-system-riscv32 -qtest tcp:127.0.0.1:48833 -qtest-log /dev/null -chardev socket,host=127.0.0.1,port=47427,id=char0 -mon chardev=char0,mode=control -display none -audio none -machine esp32c3,xteink-x3=true -nodefaults -global xteink-x3-epd.controller=8253 -global xteink-x3-epd.dump-file='/tmp/x3-reinforce-9HFTW3/frame.pgm'  -accel qtest
Not initializing SPI Flash
ok 4 /riscv32/xteink-x3-epd/uc8253-gray-base-reinforcement
# starting QEMU: exec /tmp/x3-native-candidate-bd6ca5e91eae089f/install/bin/qemu-system-riscv32 -qtest tcp:127.0.0.1:56941 -qtest-log /dev/null -chardev socket,host=127.0.0.1,port=59527,id=char0 -mon chardev=char0,mode=control -display none -audio none -machine esp32c3,xteink-x3=true -nodefaults -global xteink-x3-epd.controller=8279 -global xteink-x3-epd.dump-file='/tmp/x3-8279-ECPZW3/frame.pgm'  -accel qtest
Not initializing SPI Flash
ok 5 /riscv32/xteink-x3-epd/uc8279-stride
# starting QEMU: exec /tmp/x3-native-candidate-bd6ca5e91eae089f/install/bin/qemu-system-riscv32 -qtest tcp:127.0.0.1:53711 -qtest-log /dev/null -chardev socket,host=127.0.0.1,port=51785,id=char0 -mon chardev=char0,mode=control -display none -audio none -machine esp32c3,xteink-x3=true -nodefaults -global xteink-x3-epd.controller=8253 -global xteink-x3-epd.dump-file='/tmp/x3-output-R852W3/frame.pgm' -global xteink-x3-epd.trace-file='/tmp/x3-output-R852W3/trace.jsonl' -accel qtest
Not initializing SPI Flash
ok 6 /riscv32/xteink-x3-epd/output-accounting
# starting QEMU: exec /tmp/x3-native-candidate-bd6ca5e91eae089f/install/bin/qemu-system-riscv32 -qtest tcp:127.0.0.1:59527 -qtest-log /dev/null -chardev socket,host=127.0.0.1,port=43759,id=char0 -mon chardev=char0,mode=control -display none -audio none -machine esp32c3,xteink-x3=true -nodefaults -global xteink-x3-epd.controller=8253 -global xteink-x3-epd.dump-file='/dev/full' -global xteink-x3-epd.trace-file='/dev/full' -accel qtest
Not initializing SPI Flash
qemu-system-riscv32: xteink-x3-epd: incomplete trace output: /dev/full
qemu-system-riscv32: xteink-x3-epd: incomplete framebuffer dump: /dev/full
ok 7 /riscv32/xteink-x3-epd/output-full
# starting QEMU: exec /tmp/x3-native-candidate-bd6ca5e91eae089f/install/bin/qemu-system-riscv32 -qtest tcp:127.0.0.1:32863 -qtest-log /dev/null -chardev socket,host=127.0.0.1,port=42379,id=char0 -mon chardev=char0,mode=control -display none -audio none -machine esp32c3,xteink-x3=true -nodefaults -global xteink-x3-epd.controller=8253 -global xteink-x3-epd.dump-file='/tmp/x3-output-open-ILGQW3'  -accel qtest
Not initializing SPI Flash
qemu-system-riscv32: xteink-x3-epd: cannot write /tmp/x3-output-open-ILGQW3: Is a directory
ok 8 /riscv32/xteink-x3-epd/dump-open-failure
# starting QEMU: exec /tmp/x3-native-candidate-bd6ca5e91eae089f/install/bin/qemu-system-riscv32 -qtest tcp:127.0.0.1:58197 -qtest-log /dev/null -chardev socket,host=127.0.0.1,port=44347,id=char0 -mon chardev=char0,mode=control -display none -audio none -machine esp32c3,xteink-x3=true -nodefaults -global xteink-x3-epd.controller=8253 -global xteink-x3-epd.dump-file='/tmp/x3-output-reset-SVASW3/frame.pgm' -global xteink-x3-epd.trace-file='/tmp/x3-output-reset-SVASW3/trace.jsonl' -accel qtest
Not initializing SPI Flash
ok 9 /riscv32/xteink-x3-epd/reset-output-retention
# starting QEMU: exec /tmp/x3-native-candidate-bd6ca5e91eae089f/install/bin/qemu-system-riscv32 -qtest tcp:127.0.0.1:41313 -qtest-log /dev/null -chardev socket,host=127.0.0.1,port=56117,id=char0 -mon chardev=char0,mode=control -display none -audio none -machine esp32c3,xteink-x3=true -nodefaults -global xteink-x3-epd.controller=8253  -global xteink-x3-epd.trace-file='/tmp/x3-output-replace-JVOTW3/trace.jsonl' -accel qtest
Not initializing SPI Flash
ok 10 /riscv32/xteink-x3-epd/trace-path-replacement
# End of xteink-x3-epd tests
# End of riscv32 tests
