TAP version 13
# random seed: R02Sfa03abb6116fc4a2c9408c0dee21da61
1..11
# Start of riscv32 tests
# Start of xteink-x3-adc tests
# starting QEMU: exec /tmp/x3-native-candidate-da53281e98da510a/install/bin/qemu-system-riscv32 -qtest tcp:127.0.0.1:34843 -qtest-log /dev/null -chardev socket,host=127.0.0.1,port=57315,id=char0 -mon chardev=char0,mode=control -display none -audio none -machine esp32c3,xteink-x3=true -nodefaults -accel qtest
Not initializing SPI Flash
ok 1 /riscv32/xteink-x3-adc/released-inputs
# starting QEMU: exec /tmp/x3-native-candidate-da53281e98da510a/install/bin/qemu-system-riscv32 -qtest tcp:127.0.0.1:46271 -qtest-log /dev/null -chardev socket,host=127.0.0.1,port=45659,id=char0 -mon chardev=char0,mode=control -display none -audio none -machine esp32c3,xteink-x3=true -nodefaults -accel qtest
Not initializing SPI Flash
ok 2 /riscv32/xteink-x3-adc/button-ladders
# starting QEMU: exec /tmp/x3-native-candidate-da53281e98da510a/install/bin/qemu-system-riscv32 -qtest tcp:127.0.0.1:43701 -qtest-log /dev/null -chardev socket,host=127.0.0.1,port=37763,id=char0 -mon chardev=char0,mode=control -display none -audio none -machine esp32c3,xteink-x3=true -nodefaults -accel qtest
Not initializing SPI Flash
ok 3 /riscv32/xteink-x3-adc/raw-injection-and-rejected-inputs
# starting QEMU: exec /tmp/x3-native-candidate-da53281e98da510a/install/bin/qemu-system-riscv32 -qtest tcp:127.0.0.1:49885 -qtest-log /dev/null -chardev socket,host=127.0.0.1,port=44791,id=char0 -mon chardev=char0,mode=control -display none -audio none -machine esp32c3,xteink-x3=true -nodefaults -accel qtest
Not initializing SPI Flash
ok 4 /riscv32/xteink-x3-adc/done-flags-and-w1c
# starting QEMU: exec /tmp/x3-native-candidate-da53281e98da510a/install/bin/qemu-system-riscv32 -qtest tcp:127.0.0.1:50413 -qtest-log /dev/null -chardev socket,host=127.0.0.1,port=53089,id=char0 -mon chardev=char0,mode=control -display none -audio none -machine esp32c3,xteink-x3=true -nodefaults -accel qtest
Not initializing SPI Flash
ok 5 /riscv32/xteink-x3-adc/irq-masking
# starting QEMU: exec /tmp/x3-native-candidate-da53281e98da510a/install/bin/qemu-system-riscv32 -qtest tcp:127.0.0.1:36883 -qtest-log /dev/null -chardev socket,host=127.0.0.1,port=53061,id=char0 -mon chardev=char0,mode=control -display none -audio none -machine esp32c3,xteink-x3=true -nodefaults -accel qtest
Not initializing SPI Flash
ok 6 /riscv32/xteink-x3-adc/delayed-latched-conversion
# starting QEMU: exec /tmp/x3-native-candidate-da53281e98da510a/install/bin/qemu-system-riscv32 -qtest tcp:127.0.0.1:59813 -qtest-log /dev/null -chardev socket,host=127.0.0.1,port=59267,id=char0 -mon chardev=char0,mode=control -display none -audio none -machine esp32c3,xteink-x3=true -nodefaults -accel qtest
Not initializing SPI Flash
ok 7 /riscv32/xteink-x3-adc/start-edge
# starting QEMU: exec /tmp/x3-native-candidate-da53281e98da510a/install/bin/qemu-system-riscv32 -qtest tcp:127.0.0.1:35781 -qtest-log /dev/null -chardev socket,host=127.0.0.1,port=35133,id=char0 -mon chardev=char0,mode=control -display none -audio none -machine esp32c3,xteink-x3=true -nodefaults -accel qtest
Not initializing SPI Flash
ok 8 /riscv32/xteink-x3-adc/pulse-deadline
# starting QEMU: exec /tmp/x3-native-candidate-da53281e98da510a/install/bin/qemu-system-riscv32 -qtest tcp:127.0.0.1:35947 -qtest-log /dev/null -chardev socket,host=127.0.0.1,port=57321,id=char0 -mon chardev=char0,mode=control -display none -audio none -machine esp32c3,xteink-x3=true -nodefaults -accel qtest
Not initializing SPI Flash
ok 9 /riscv32/xteink-x3-adc/pulse-replace-cancel-and-manual
# starting QEMU: exec /tmp/x3-native-candidate-da53281e98da510a/install/bin/qemu-system-riscv32 -qtest tcp:127.0.0.1:49721 -qtest-log /dev/null -chardev socket,host=127.0.0.1,port=36631,id=char0 -mon chardev=char0,mode=control -display none -audio none -machine esp32c3,xteink-x3=true -nodefaults -accel qtest
Not initializing SPI Flash
ok 10 /riscv32/xteink-x3-adc/pulse-invalid-requests-keep-deadline
# starting QEMU: exec /tmp/x3-native-candidate-da53281e98da510a/install/bin/qemu-system-riscv32 -qtest tcp:127.0.0.1:35205 -qtest-log /dev/null -chardev socket,host=127.0.0.1,port=33199,id=char0 -mon chardev=char0,mode=control -display none -audio none -machine esp32c3,xteink-x3=true -nodefaults -accel qtest
Not initializing SPI Flash
ok 11 /riscv32/xteink-x3-adc/pulse-and-conversion-collision
# End of xteink-x3-adc tests
# End of riscv32 tests
