TAP version 13
# random seed: R02S229b8e254f04c4468584973f6e01168b
1..8
# Start of riscv32 tests
# Start of esp32c3 tests
# Start of wifi tests
# starting QEMU: exec /tmp/x3-native-candidate-c847edb98eb8af1c/install/bin/qemu-system-riscv32 -qtest tcp:127.0.0.1:44989 -qtest-log /dev/null -chardev socket,host=127.0.0.1,port=38607,id=char0 -mon chardev=char0,mode=control -display none -audio none -machine esp32c3,xteink-x3=true -nodefaults -nic none -global driver=esp32c3.wifi,property=air-enabled,value=true -accel qtest
Not initializing SPI Flash
ok 1 /riscv32/esp32c3/wifi/tx-rx-dma-events
# starting QEMU: exec /tmp/x3-native-candidate-c847edb98eb8af1c/install/bin/qemu-system-riscv32 -qtest tcp:127.0.0.1:38439 -qtest-log /dev/null -chardev socket,host=127.0.0.1,port=57017,id=char0 -mon chardev=char0,mode=control -display none -audio none -machine esp32c3,xteink-x3=true -nodefaults -nic none -global driver=esp32c3.wifi,property=air-enabled,value=true -accel qtest
Not initializing SPI Flash
ok 2 /riscv32/esp32c3/wifi/dma-bounds-and-short-buffer
# starting QEMU: exec /tmp/x3-native-candidate-c847edb98eb8af1c/install/bin/qemu-system-riscv32 -qtest tcp:127.0.0.1:47867 -qtest-log /dev/null -chardev socket,host=127.0.0.1,port=59051,id=char0 -mon chardev=char0,mode=control -display none -audio none -machine esp32c3,xteink-x3=true -nodefaults -nic none -accel qtest
Not initializing SPI Flash
ok 3 /riscv32/esp32c3/wifi/tsf-and-reset
# starting QEMU: exec /tmp/x3-native-candidate-c847edb98eb8af1c/install/bin/qemu-system-riscv32 -qtest tcp:127.0.0.1:41385 -qtest-log /dev/null -chardev socket,host=127.0.0.1,port=43763,id=char0 -mon chardev=char0,mode=control -display none -audio none -machine esp32c3,xteink-x3=true -nodefaults -nic none -accel qtest
Not initializing SPI Flash
ok 4 /riscv32/esp32c3/wifi/syscon-mac-reset-domain
# starting QEMU: exec /tmp/x3-native-candidate-c847edb98eb8af1c/install/bin/qemu-system-riscv32 -qtest tcp:127.0.0.1:44187 -qtest-log /dev/null -chardev socket,host=127.0.0.1,port=54549,id=char0 -mon chardev=char0,mode=control -display none -audio none -machine esp32c3,xteink-x3=true -nodefaults -nic none -chardev socket,id=peer,host=127.0.0.1,port=52069,server=on,wait=off -global driver=esp32c3.wifi,property=peer-chardev,value=peer -global driver=esp32c3.wifi,property=channel,value=1 -global driver=esp32c3.wifi,property=air-enabled,value=true -drive file=/tmp/esp32c3-wifi-efuse-IILTW3,if=none,format=raw,id=wifi-efuse -global driver=nvram.esp32c3.efuse,property=drive,value=wifi-efuse -accel qtest
Not initializing SPI Flash
# starting QEMU: exec /tmp/x3-native-candidate-c847edb98eb8af1c/install/bin/qemu-system-riscv32 -qtest tcp:127.0.0.1:46661 -qtest-log /dev/null -chardev socket,host=127.0.0.1,port=53391,id=char0 -mon chardev=char0,mode=control -display none -audio none -machine esp32c3,xteink-x3=true -nodefaults -nic none -chardev socket,id=peer,host=127.0.0.1,port=52069,server=off -global driver=esp32c3.wifi,property=peer-chardev,value=peer -global driver=esp32c3.wifi,property=channel,value=1 -global driver=esp32c3.wifi,property=air-enabled,value=true -drive file=/tmp/esp32c3-wifi-efuse-6IMTW3,if=none,format=raw,id=wifi-efuse -global driver=nvram.esp32c3.efuse,property=drive,value=wifi-efuse -accel qtest
Not initializing SPI Flash
ok 5 /riscv32/esp32c3/wifi/peer-two-guest-bidirectional-dma
# starting QEMU: exec /tmp/x3-native-candidate-c847edb98eb8af1c/install/bin/qemu-system-riscv32 -qtest tcp:127.0.0.1:54479 -qtest-log /dev/null -chardev socket,host=127.0.0.1,port=46269,id=char0 -mon chardev=char0,mode=control -display none -audio none -machine esp32c3,xteink-x3=true -nodefaults -nic none -chardev socket,id=peer,host=127.0.0.1,port=41653,server=on,wait=off -global driver=esp32c3.wifi,property=peer-chardev,value=peer -global driver=esp32c3.wifi,property=channel,value=1 -global driver=esp32c3.wifi,property=air-enabled,value=true  -accel qtest
Not initializing SPI Flash
ok 6 /riscv32/esp32c3/wifi/peer-fragmented-stream-malformed-resync
# starting QEMU: exec /tmp/x3-native-candidate-c847edb98eb8af1c/install/bin/qemu-system-riscv32 -qtest tcp:127.0.0.1:58399 -qtest-log /dev/null -chardev socket,host=127.0.0.1,port=34241,id=char0 -mon chardev=char0,mode=control -display none -audio none -machine esp32c3,xteink-x3=true -nodefaults -nic none -chardev socket,id=peer,host=127.0.0.1,port=38299,server=on,wait=off -global driver=esp32c3.wifi,property=peer-chardev,value=peer -global driver=esp32c3.wifi,property=channel,value=1 -global driver=esp32c3.wifi,property=air-enabled,value=true  -accel qtest
Not initializing SPI Flash
ok 7 /riscv32/esp32c3/wifi/peer-channel-encryption-queue-bound
# starting QEMU: exec /tmp/x3-native-candidate-c847edb98eb8af1c/install/bin/qemu-system-riscv32 -qtest tcp:127.0.0.1:58193 -qtest-log /dev/null -chardev socket,host=127.0.0.1,port=54211,id=char0 -mon chardev=char0,mode=control -display none -audio none -machine esp32c3,xteink-x3=true -nodefaults -nic none -chardev socket,id=peer,host=127.0.0.1,port=56771,server=on,wait=off -global driver=esp32c3.wifi,property=peer-chardev,value=peer -global driver=esp32c3.wifi,property=channel,value=1 -global driver=esp32c3.wifi,property=air-enabled,value=true  -accel qtest
Not initializing SPI Flash
ok 8 /riscv32/esp32c3/wifi/peer-disconnect-reconnect-tx-completion
# End of wifi tests
# End of esp32c3 tests
# End of riscv32 tests
