TAP version 13
# random seed: R02S9fe9b0eba74055d7a402f8ae1c94bbd4
1..16
# Start of riscv32 tests
# Start of esp32c3 tests
# Start of rtc tests
# starting QEMU: exec /tmp/x3-native-checkpoint-4e324b5c/build/qemu-system-riscv32 -qtest tcp:127.0.0.1:33791 -qtest-log /dev/null -chardev socket,host=127.0.0.1,port=43967,id=char0 -mon chardev=char0,mode=control -display none -audio none -machine esp32c3,xteink-x3=true -nodefaults -accel qtest
Not initializing SPI Flash
ok 1 /riscv32/esp32c3/rtc/fastmem-crc
# starting QEMU: exec /tmp/x3-native-checkpoint-4e324b5c/build/qemu-system-riscv32 -qtest tcp:127.0.0.1:34449 -qtest-log /dev/null -chardev socket,host=127.0.0.1,port=52303,id=char0 -mon chardev=char0,mode=control -display none -audio none -machine esp32c3,xteink-x3=true -nodefaults -accel qtest
Not initializing SPI Flash
ok 2 /riscv32/esp32c3/rtc/timer-light-sleep
# starting QEMU: exec /tmp/x3-native-checkpoint-4e324b5c/build/qemu-system-riscv32 -qtest tcp:127.0.0.1:50385 -qtest-log /dev/null -chardev socket,host=127.0.0.1,port=43355,id=char0 -mon chardev=char0,mode=control -display none -audio none -machine esp32c3,xteink-x3=true -nodefaults -accel qtest
Not initializing SPI Flash
ok 3 /riscv32/esp32c3/rtc/gpio-deep-sleep
# starting QEMU: exec /tmp/x3-native-checkpoint-4e324b5c/build/qemu-system-riscv32 -qtest tcp:127.0.0.1:58561 -qtest-log /dev/null -chardev socket,host=127.0.0.1,port=59173,id=char0 -mon chardev=char0,mode=control -display none -audio none -machine esp32c3,xteink-x3=true -nodefaults -accel qtest
Not initializing SPI Flash
ok 4 /riscv32/esp32c3/rtc/gpio-sleep-reject
# starting QEMU: exec /tmp/x3-native-checkpoint-4e324b5c/build/qemu-system-riscv32 -qtest tcp:127.0.0.1:40265 -qtest-log /dev/null -chardev socket,host=127.0.0.1,port=51791,id=char0 -mon chardev=char0,mode=control -display none -audio none -machine esp32c3,xteink-x3=true -nodefaults -accel qtest
Not initializing SPI Flash
ok 5 /riscv32/esp32c3/rtc/expired-timer
# starting QEMU: exec /tmp/x3-native-checkpoint-4e324b5c/build/qemu-system-riscv32 -qtest tcp:127.0.0.1:35447 -qtest-log /dev/null -chardev socket,host=127.0.0.1,port=49049,id=char0 -mon chardev=char0,mode=control -display none -audio none -machine esp32c3,xteink-x3=true -nodefaults -accel qtest
Not initializing SPI Flash
ok 6 /riscv32/esp32c3/rtc/timer-phase-and-xtal-latch
# starting QEMU: exec /tmp/x3-native-checkpoint-4e324b5c/build/qemu-system-riscv32 -qtest tcp:127.0.0.1:39787 -qtest-log /dev/null -chardev socket,host=127.0.0.1,port=58803,id=char0 -mon chardev=char0,mode=control -display none -audio none -machine esp32c3,xteink-x3=true -nodefaults -accel qtest
Not initializing SPI Flash
ok 7 /riscv32/esp32c3/rtc/watchdog-irq-feed-protection
# starting QEMU: exec /tmp/x3-native-checkpoint-4e324b5c/build/qemu-system-riscv32 -qtest tcp:127.0.0.1:52403 -qtest-log /dev/null -chardev socket,host=127.0.0.1,port=42555,id=char0 -mon chardev=char0,mode=control -display none -audio none -machine esp32c3,xteink-x3=true -nodefaults -accel qtest
Not initializing SPI Flash
ok 8 /riscv32/esp32c3/rtc/watchdog-off-stages-loop
# starting QEMU: exec /tmp/x3-native-checkpoint-4e324b5c/build/qemu-system-riscv32 -qtest tcp:127.0.0.1:54797 -qtest-log /dev/null -chardev socket,host=127.0.0.1,port=57069,id=char0 -mon chardev=char0,mode=control -display none -audio none -machine esp32c3,xteink-x3=true -nodefaults -device loader,addr=0x40381234,cpu-num=0 -accel qtest
Not initializing SPI Flash
ok 9 /riscv32/esp32c3/rtc/watchdog-cpu-reset
# starting QEMU: exec /tmp/x3-native-checkpoint-4e324b5c/build/qemu-system-riscv32 -qtest tcp:127.0.0.1:49427 -qtest-log /dev/null -chardev socket,host=127.0.0.1,port=49251,id=char0 -mon chardev=char0,mode=control -display none -audio none -machine esp32c3,xteink-x3=true -nodefaults -accel qtest
Not initializing SPI Flash
ok 10 /riscv32/esp32c3/rtc/watchdog-core-reset
# starting QEMU: exec /tmp/x3-native-checkpoint-4e324b5c/build/qemu-system-riscv32 -qtest tcp:127.0.0.1:51153 -qtest-log /dev/null -chardev socket,host=127.0.0.1,port=60045,id=char0 -mon chardev=char0,mode=control -display none -audio none -machine esp32c3,xteink-x3=true -nodefaults -accel qtest
Not initializing SPI Flash
ok 11 /riscv32/esp32c3/rtc/watchdog-rtc-reset
# starting QEMU: exec /tmp/x3-native-checkpoint-4e324b5c/build/qemu-system-riscv32 -qtest tcp:127.0.0.1:43003 -qtest-log /dev/null -chardev socket,host=127.0.0.1,port=33771,id=char0 -mon chardev=char0,mode=control -display none -audio none -machine esp32c3,xteink-x3=true -nodefaults -accel qtest
Not initializing SPI Flash
ok 12 /riscv32/esp32c3/rtc/watchdog-sleep-pause
# starting QEMU: exec /tmp/x3-native-checkpoint-4e324b5c/build/qemu-system-riscv32 -qtest tcp:127.0.0.1:45199 -qtest-log /dev/null -chardev socket,host=127.0.0.1,port=46257,id=char0 -mon chardev=char0,mode=control -display none -audio none -machine esp32c3,xteink-x3=true -nodefaults -accel qtest
Not initializing SPI Flash
ok 13 /riscv32/esp32c3/rtc/watchdog-flash-boot
# starting QEMU: exec /tmp/x3-native-checkpoint-4e324b5c/build/qemu-system-riscv32 -qtest tcp:127.0.0.1:45591 -qtest-log /dev/null -chardev socket,host=127.0.0.1,port=43231,id=char0 -mon chardev=char0,mode=control -display none -audio none -machine esp32c3,xteink-x3=true -nodefaults -drive file=/tmp/esp32c3-rtc-efuse-NRYQW3,if=none,format=raw,id=rtc-efuse -global driver=nvram.esp32c3.efuse,property=drive,value=rtc-efuse -accel qtest
Not initializing SPI Flash
ok 14 /riscv32/esp32c3/rtc/watchdog-flash-boot-efuse-delay
# starting QEMU: exec /tmp/x3-native-checkpoint-4e324b5c/build/qemu-system-riscv32 -qtest tcp:127.0.0.1:54701 -qtest-log /dev/null -chardev socket,host=127.0.0.1,port=42267,id=char0 -mon chardev=char0,mode=control -display none -audio none -machine esp32c3,xteink-x3=true -nodefaults -accel qtest
Not initializing SPI Flash
ok 15 /riscv32/esp32c3/rtc/watchdog-configuration-does-not-feed
# starting QEMU: exec /tmp/x3-native-checkpoint-4e324b5c/build/qemu-system-riscv32 -qtest tcp:127.0.0.1:33977 -qtest-log /dev/null -chardev socket,host=127.0.0.1,port=35265,id=char0 -mon chardev=char0,mode=control -display none -audio none -machine esp32c3 -nodefaults -global driver=esp32c3.gpio,property=strap_mode,value=2 -accel qtest
Not initializing SPI Flash
# starting QEMU: exec /tmp/x3-native-checkpoint-4e324b5c/build/qemu-system-riscv32 -qtest tcp:127.0.0.1:33269 -qtest-log /dev/null -chardev socket,host=127.0.0.1,port=38173,id=char0 -mon chardev=char0,mode=control -display none -audio none -machine esp32c3,xteink-x3=true -nodefaults -global driver=esp32c3.gpio,property=strap_mode,value=2 -accel qtest
Not initializing SPI Flash
ok 16 /riscv32/esp32c3/rtc/watchdog-uart-download-boot
# End of rtc tests
# End of esp32c3 tests
# End of riscv32 tests
