TAP version 13
# random seed: R02S694808762b52cbbc1dc581ac7519188a
1..3
# Start of riscv32 tests
# Start of esp32c3-gpspi tests
# starting QEMU: exec /tmp/x3-native-checkpoint-4e324b5c/build/qemu-system-riscv32 -qtest tcp:127.0.0.1:44519 -qtest-log /dev/null -chardev socket,host=127.0.0.1,port=54753,id=char0 -mon chardev=char0,mode=control -display none -audio none -machine esp32c3 -nodefaults -accel qtest
Not initializing SPI Flash
ok 1 /riscv32/esp32c3-gpspi/polling-completion
# starting QEMU: exec /tmp/x3-native-checkpoint-4e324b5c/build/qemu-system-riscv32 -qtest tcp:127.0.0.1:38903 -qtest-log /dev/null -chardev socket,host=127.0.0.1,port=52405,id=char0 -mon chardev=char0,mode=control -display none -audio none -machine esp32c3 -nodefaults -accel qtest
Not initializing SPI Flash
ok 2 /riscv32/esp32c3-gpspi/interrupt-registers
# starting QEMU: exec /tmp/x3-native-checkpoint-4e324b5c/build/qemu-system-riscv32 -qtest tcp:127.0.0.1:52745 -qtest-log /dev/null -chardev socket,host=127.0.0.1,port=46457,id=char0 -mon chardev=char0,mode=control -display none -audio none -machine esp32c3 -nodefaults -accel qtest
Not initializing SPI Flash
ok 3 /riscv32/esp32c3-gpspi/fifo-access-widths
# End of esp32c3-gpspi tests
# End of riscv32 tests
