TAP version 13
# random seed: R02S53fb2a90a42493b33658f9bd4e83f872
1..6
# Start of riscv32 tests
# Start of xteink-x3-sd tests
# starting QEMU: exec /tmp/x3-native-checkpoint-4e324b5c/build/qemu-system-riscv32 -qtest tcp:127.0.0.1:38921 -qtest-log /dev/null -chardev socket,host=127.0.0.1,port=47417,id=char0 -mon chardev=char0,mode=control -display none -audio none -machine esp32c3,xteink-x3=true -nodefaults -drive if=sd,format=raw,file=/tmp/xteink-x3-sd-LCSMW3 -accel qtest
Not initializing SPI Flash
ok 1 /riscv32/xteink-x3-sd/initialization-and-reinitialize
# starting QEMU: exec /tmp/x3-native-checkpoint-4e324b5c/build/qemu-system-riscv32 -qtest tcp:127.0.0.1:40101 -qtest-log /dev/null -chardev socket,host=127.0.0.1,port=38443,id=char0 -mon chardev=char0,mode=control -display none -audio none -machine esp32c3,xteink-x3=true -nodefaults -drive if=sd,format=raw,file=/tmp/xteink-x3-sd-1DLPW3 -accel qtest
Not initializing SPI Flash
ok 2 /riscv32/xteink-x3-sd/mbr-read
# starting QEMU: exec /tmp/x3-native-checkpoint-4e324b5c/build/qemu-system-riscv32 -qtest tcp:127.0.0.1:38781 -qtest-log /dev/null -chardev socket,host=127.0.0.1,port=57835,id=char0 -mon chardev=char0,mode=control -display none -audio none -machine esp32c3,xteink-x3=true -nodefaults -drive if=sd,format=raw,file=/tmp/xteink-x3-sd-QT3RW3 -accel qtest
Not initializing SPI Flash
ok 3 /riscv32/xteink-x3-sd/csd-capacity-and-cid
# starting QEMU: exec /tmp/x3-native-checkpoint-4e324b5c/build/qemu-system-riscv32 -qtest tcp:127.0.0.1:37755 -qtest-log /dev/null -chardev socket,host=127.0.0.1,port=37527,id=char0 -mon chardev=char0,mode=control -display none -audio none -machine esp32c3,xteink-x3=true -nodefaults -drive if=sd,format=raw,file=/tmp/xteink-x3-sd-LX3VW3 -accel qtest
Not initializing SPI Flash
ok 4 /riscv32/xteink-x3-sd/write-read-and-power-cycle
# starting QEMU: exec /tmp/x3-native-checkpoint-4e324b5c/build/qemu-system-riscv32 -qtest tcp:127.0.0.1:60313 -qtest-log /dev/null -chardev socket,host=127.0.0.1,port=42767,id=char0 -mon chardev=char0,mode=control -display none -audio none -machine esp32c3,xteink-x3=true -nodefaults -drive if=sd,format=raw,file=/tmp/xteink-x3-sd-CLJWW3 -accel qtest
Not initializing SPI Flash
ok 5 /riscv32/xteink-x3-sd/multiblock-cache-writes
# starting QEMU: exec /tmp/x3-native-checkpoint-4e324b5c/build/qemu-system-riscv32 -qtest tcp:127.0.0.1:34011 -qtest-log /dev/null -chardev socket,host=127.0.0.1,port=57963,id=char0 -mon chardev=char0,mode=control -display none -audio none -machine esp32c3,xteink-x3=true -nodefaults -drive if=sd,format=raw,file=/tmp/xteink-x3-sd-FJG3W3 -accel qtest
Not initializing SPI Flash
ok 6 /riscv32/xteink-x3-sd/status-after-write
# End of xteink-x3-sd tests
# End of riscv32 tests
